{
    "allowList": {
        "commands": [
            "User/Library/Allowed/path/git.*Allowed/offending.rb"
        ]
    },
    "blacklists": {
        "audit": {
            "binaries": [
                "offending"
            ]
        }
    }
}